{
  "fresh_episodes": 16,
  "diagnostic_original_episodes": 4,
  "households": 4194,
  "backgrounds": 4,
  "local_mae": {
    "M0": 0.2751680755272115,
    "M2": 0.26668040072393373,
    "M3": 0.26212691432052176,
    "M3b": 0.2660244222297946,
    "M3b_fixed": 0.2660244222297946,
    "M4": 0.20527646165004798
  },
  "regional_mae": {
    "M0": 51.32278269512858,
    "M2": 43.31365093001042,
    "M3": 47.063916197332496,
    "M3b": 45.859198999562146,
    "M3b_fixed": 45.859198999562146,
    "M4": 43.35167548382694
  },
  "detected": {
    "M0": 10,
    "M2": 8,
    "M3": 6,
    "M3b": 4,
    "M3b_fixed": 4,
    "M4": 9
  },
  "localized": {
    "M0": 5,
    "M2": 2,
    "M3": 2,
    "M3b": 2,
    "M3b_fixed": 2,
    "M4": 3
  },
  "changed_schedules": {
    "M0": 0,
    "M2": 0,
    "M3": 0,
    "M3b": 3,
    "M3b_fixed": 3,
    "M4": 0
  },
  "negative_alarm_rates": {
    "M0": 0.09895833333333333,
    "M2": 0.07291666666666667,
    "M3": 0.078125,
    "M3b": 0.07291666666666667,
    "M3b_fixed": 0.07291666666666667,
    "M4": 0.16145833333333334
  },
  "same_information_max_abs": 0.0,
  "peak_gpu_bytes": 181463552,
  "peak_host_bytes": 1461207040,
  "paired_background_M3b_minus_random": {
    "0": -0.0008220222673021212,
    "2": 0.004143630142424508,
    "4": -0.004348423434239214,
    "6": -0.001597098417439602
  },
  "paired_background_M3b_minus_original": {
    "0": 0.0012319949824898906,
    "2": -0.0015504225375835383,
    "4": 0.0022269807456757654,
    "6": 0.013681478446509262
  }
}
