fresh_b00_localized_3.0 20.76604388281703
fresh_b00_cancel_exact_3.0 20.59255534876138
fresh_b00_delayed_3.0 20.64430952258408
fresh_b00_none_0.0 20.742033961229026
fresh_b02_localized_3.0 20.624098111875355
fresh_b02_cancel_exact_3.0 20.849702686071396
fresh_b02_delayed_3.0 21.118778652511537
fresh_b02_none_0.0 21.15606582444161
fresh_b04_localized_3.0 20.760200822725892
fresh_b04_cancel_exact_3.0 20.812820908613503
fresh_b04_delayed_3.0 20.661247236654162
fresh_b04_none_0.0 20.802588164806366
fresh_b06_localized_3.0 20.82966749370098
fresh_b06_cancel_exact_3.0 20.65337405912578
fresh_b06_delayed_3.0 20.58945633098483
fresh_b06_none_0.0 20.719011839479208
original_b00_localized_3.0 10.315885285846889
original_b00_cancel_exact_3.0 10.383723174221814
original_b00_delayed_3.0 10.32403777167201
original_b00_none_0.0 10.283959567546844
complete run 374.90146281849593
