Collecting scipy
  Downloading scipy-1.18.1-cp312-cp312-manylinux_2_27_x86_64.manylinux_2_28_x86_64.whl.metadata (62 kB)
     ━━━━━━━━━━━━━━━━━━━━━━━━━━━━━━━━━━━━━━━━ 62.4/62.4 kB 1.3 MB/s eta 0:00:00
Collecting pandas
  Downloading pandas-3.0.6-cp312-cp312-manylinux_2_24_x86_64.manylinux_2_28_x86_64.whl.metadata (79 kB)
     ━━━━━━━━━━━━━━━━━━━━━━━━━━━━━━━━━━━━━━━━ 79.5/79.5 kB 3.1 MB/s eta 0:00:00
Collecting scikit-learn
  Downloading scikit_learn-1.9.1-cp312-cp312-manylinux_2_27_x86_64.manylinux_2_28_x86_64.whl.metadata (9.3 kB)
Collecting matplotlib
  Downloading matplotlib-3.11.2-cp312-cp312-manylinux2014_x86_64.manylinux_2_17_x86_64.whl.metadata (80 kB)
     ━━━━━━━━━━━━━━━━━━━━━━━━━━━━━━━━━━━━━━━━ 80.3/80.3 kB 3.6 MB/s eta 0:00:00
Collecting pytest
  Downloading pytest-9.1.1-py3-none-any.whl.metadata (7.6 kB)
Collecting threadpoolctl
  Downloading threadpoolctl-3.7.0-py3-none-any.whl.metadata (24 kB)
Requirement already satisfied: numpy<2.8,>=2.0.0 in /usr/local/lib/python3.12/dist-packages (from scipy) (2.1.2)
Requirement already satisfied: python-dateutil>=2.8.2 in /usr/local/lib/python3.12/dist-packages (from pandas) (2.9.0.post0)
Collecting joblib>=1.4.0 (from scikit-learn)
  Downloading joblib-1.6.0-py3-none-any.whl.metadata (6.5 kB)
Collecting narwhals>=2.0.1 (from scikit-learn)
  Downloading narwhals-2.26.0-py3-none-any.whl.metadata (15 kB)
Collecting contourpy>=1.0.1 (from matplotlib)
  Downloading contourpy-1.4.0-cp312-cp312-manylinux_2_27_x86_64.manylinux_2_28_x86_64.whl.metadata (3.8 kB)
Collecting cycler>=0.10 (from matplotlib)
  Downloading cycler-0.12.1-py3-none-any.whl.metadata (3.8 kB)
Collecting fonttools>=4.28.2 (from matplotlib)
  Downloading fonttools-4.65.0-cp312-cp312-manylinux2014_x86_64.manylinux_2_17_x86_64.whl.metadata (125 kB)
     ━━━━━━━━━━━━━━━━━━━━━━━━━━━━━━━━━━━━━━━ 125.0/125.0 kB 5.0 MB/s eta 0:00:00
Collecting kiwisolver>=1.3.1 (from matplotlib)
  Downloading kiwisolver-1.5.1-cp312-cp312-manylinux2014_x86_64.manylinux_2_17_x86_64.whl.metadata (5.2 kB)
Requirement already satisfied: packaging>=20.0 in /usr/local/lib/python3.12/dist-packages (from matplotlib) (25.0)
Requirement already satisfied: pillow>=9 in /usr/local/lib/python3.12/dist-packages (from matplotlib) (11.0.0)
Requirement already satisfied: pyparsing>=3 in /usr/lib/python3/dist-packages (from matplotlib) (3.1.1)
Collecting iniconfig>=1.0.1 (from pytest)
  Downloading iniconfig-2.3.0-py3-none-any.whl.metadata (2.5 kB)
Collecting pluggy<2,>=1.5 (from pytest)
  Downloading pluggy-1.6.0-py3-none-any.whl.metadata (4.8 kB)
Requirement already satisfied: pygments>=2.7.2 in /usr/local/lib/python3.12/dist-packages (from pytest) (2.19.2)
Collecting cloudpickle>=3.0 (from joblib>=1.4.0->scikit-learn)
  Downloading cloudpickle-3.1.2-py3-none-any.whl.metadata (7.1 kB)
Requirement already satisfied: six>=1.5 in /usr/lib/python3/dist-packages (from python-dateutil>=2.8.2->pandas) (1.16.0)
Downloading scipy-1.18.1-cp312-cp312-manylinux_2_27_x86_64.manylinux_2_28_x86_64.whl (35.3 MB)
   ━━━━━━━━━━━━━━━━━━━━━━━━━━━━━━━━━━━━━━━━ 35.3/35.3 MB 147.9 MB/s eta 0:00:00
Downloading pandas-3.0.6-cp312-cp312-manylinux_2_24_x86_64.manylinux_2_28_x86_64.whl (10.8 MB)
   ━━━━━━━━━━━━━━━━━━━━━━━━━━━━━━━━━━━━━━━━ 10.8/10.8 MB 156.6 MB/s eta 0:00:00
Downloading scikit_learn-1.9.1-cp312-cp312-manylinux_2_27_x86_64.manylinux_2_28_x86_64.whl (9.2 MB)
   ━━━━━━━━━━━━━━━━━━━━━━━━━━━━━━━━━━━━━━━━ 9.2/9.2 MB 173.6 MB/s eta 0:00:00
Downloading matplotlib-3.11.2-cp312-cp312-manylinux2014_x86_64.manylinux_2_17_x86_64.whl (9.9 MB)
   ━━━━━━━━━━━━━━━━━━━━━━━━━━━━━━━━━━━━━━━━ 9.9/9.9 MB 204.3 MB/s eta 0:00:00
Downloading pytest-9.1.1-py3-none-any.whl (386 kB)
   ━━━━━━━━━━━━━━━━━━━━━━━━━━━━━━━━━━━━━━━━ 386.5/386.5 kB 41.2 MB/s eta 0:00:00
Downloading threadpoolctl-3.7.0-py3-none-any.whl (26 kB)
Downloading contourpy-1.4.0-cp312-cp312-manylinux_2_27_x86_64.manylinux_2_28_x86_64.whl (383 kB)
   ━━━━━━━━━━━━━━━━━━━━━━━━━━━━━━━━━━━━━━━━ 383.2/383.2 kB 41.7 MB/s eta 0:00:00
Downloading cycler-0.12.1-py3-none-any.whl (8.3 kB)
Downloading fonttools-4.65.0-cp312-cp312-manylinux2014_x86_64.manylinux_2_17_x86_64.whl (5.4 MB)
   ━━━━━━━━━━━━━━━━━━━━━━━━━━━━━━━━━━━━━━━━ 5.4/5.4 MB 164.6 MB/s eta 0:00:00
Downloading iniconfig-2.3.0-py3-none-any.whl (7.5 kB)
Downloading joblib-1.6.0-py3-none-any.whl (306 kB)
   ━━━━━━━━━━━━━━━━━━━━━━━━━━━━━━━━━━━━━━━━ 306.1/306.1 kB 34.9 MB/s eta 0:00:00
Downloading kiwisolver-1.5.1-cp312-cp312-manylinux2014_x86_64.manylinux_2_17_x86_64.whl (1.5 MB)
   ━━━━━━━━━━━━━━━━━━━━━━━━━━━━━━━━━━━━━━━━ 1.5/1.5 MB 101.7 MB/s eta 0:00:00
Downloading narwhals-2.26.0-py3-none-any.whl (474 kB)
   ━━━━━━━━━━━━━━━━━━━━━━━━━━━━━━━━━━━━━━━━ 474.0/474.0 kB 47.8 MB/s eta 0:00:00
Downloading pluggy-1.6.0-py3-none-any.whl (20 kB)
Downloading cloudpickle-3.1.2-py3-none-any.whl (22 kB)
Installing collected packages: threadpoolctl, scipy, pluggy, narwhals, kiwisolver, iniconfig, fonttools, cycler, contourpy, cloudpickle, pytest, pandas, matplotlib, joblib, scikit-learn
Successfully installed cloudpickle-3.1.2 contourpy-1.4.0 cycler-0.12.1 fonttools-4.65.0 iniconfig-2.3.0 joblib-1.6.0 kiwisolver-1.5.1 matplotlib-3.11.2 narwhals-2.26.0 pandas-3.0.6 pluggy-1.6.0 pytest-9.1.1 scikit-learn-1.9.1 scipy-1.18.1 threadpoolctl-3.7.0
Collecting tzdata
  Downloading tzdata-2026.4-py2.py3-none-any.whl.metadata (1.4 kB)
Downloading tzdata-2026.4-py2.py3-none-any.whl (347 kB)
   ━━━━━━━━━━━━━━━━━━━━━━━━━━━━━━━━━━━━━━━━ 347.5/347.5 kB 3.7 MB/s eta 0:00:00
Installing collected packages: tzdata
Successfully installed tzdata-2026.4
