{
  "training": {
    "rows": 0,
    "adjacent_pairs": 0,
    "ar_min": 0.0,
    "ar_median": 0.0,
    "ar_max": 0.0,
    "parse_seconds": 0.03555488400161266,
    "gpu_fit_ms": 666.8831176757812,
    "total_seconds": 0.7555415872484446,
    "device": "NVIDIA RTX PRO 4500 Blackwell",
    "vram_bytes": 33685569536,
    "gpu_peak_bytes": 344243200,
    "parent_model_sha256": "abb696d052853d9a4cd888a0c8eb361d5861238814c0d1cfd44848055b87293e",
    "model_change": "fixed seasonal/factor model plus household AR residual; nugget fraction fixed .2, not identified measurement noise",
    "model_sha256": "d103d85e5cfccc1c8faf766248b376ca93e66c54688d7ff4469eaf4d57906545",
    "peak_host_rss_bytes": 1771659264
  },
  "preparation": {
    "development_parse_seconds": 9.643677413463593,
    "provider_preparation_seconds": 11.182979428209364,
    "valid_window_rows": 3167768,
    "origins": 32,
    "development_source_file_bytes": 69497803,
    "provider_store_bytes": 31309059,
    "all_source_rows_read_for_initial_summary": true,
    "no_online_sensor_ingestion_saving": true,
    "caveat": "Provider setup reads Q1 once; only frozen windows retained. Scored future values remain in evaluator files, inaccessible to consumer API."
  }
}
