origin 1024 0 2013-01-07 12:00:00
origin 1024 1 2013-01-08 08:30:00
origin 1024 2 2013-01-09 05:00:00
origin 1024 3 2013-01-10 01:30:00
origin 1024 4 2013-01-10 22:00:00
origin 1024 5 2013-01-11 18:30:00
origin 1024 6 2013-01-12 15:00:00
origin 1024 7 2013-01-13 12:00:00
origin 1024 8 2013-01-28 12:00:00
origin 1024 9 2013-01-29 08:30:00
origin 1024 10 2013-01-30 05:00:00
origin 1024 11 2013-01-31 01:30:00
origin 1024 12 2013-01-31 22:00:00
origin 1024 13 2013-02-01 18:30:00
origin 1024 14 2013-02-02 15:00:00
origin 1024 15 2013-02-03 12:00:00
origin 1024 16 2013-02-18 12:00:00
origin 1024 17 2013-02-19 08:30:00
origin 1024 18 2013-02-20 05:00:00
origin 1024 19 2013-02-21 01:30:00
origin 1024 20 2013-02-21 22:00:00
origin 1024 21 2013-02-22 18:30:00
origin 1024 22 2013-02-23 15:00:00
origin 1024 23 2013-02-24 12:00:00
origin 1024 24 2013-03-11 12:00:00
origin 1024 25 2013-03-12 08:30:00
origin 1024 26 2013-03-13 05:00:00
origin 1024 27 2013-03-14 01:30:00
origin 1024 28 2013-03-14 22:00:00
origin 1024 29 2013-03-15 18:30:00
origin 1024 30 2013-03-16 15:00:00
origin 1024 31 2013-03-17 12:00:00
origin 2048 0 2013-01-07 12:00:00
origin 2048 1 2013-01-08 08:30:00
origin 2048 2 2013-01-09 05:00:00
origin 2048 3 2013-01-10 01:30:00
origin 2048 4 2013-01-10 22:00:00
origin 2048 5 2013-01-11 18:30:00
origin 2048 6 2013-01-12 15:00:00
origin 2048 7 2013-01-13 12:00:00
origin 2048 8 2013-01-28 12:00:00
origin 2048 9 2013-01-29 08:30:00
origin 2048 10 2013-01-30 05:00:00
origin 2048 11 2013-01-31 01:30:00
origin 2048 12 2013-01-31 22:00:00
origin 2048 13 2013-02-01 18:30:00
origin 2048 14 2013-02-02 15:00:00
origin 2048 15 2013-02-03 12:00:00
origin 2048 16 2013-02-18 12:00:00
origin 2048 17 2013-02-19 08:30:00
origin 2048 18 2013-02-20 05:00:00
origin 2048 19 2013-02-21 01:30:00
origin 2048 20 2013-02-21 22:00:00
origin 2048 21 2013-02-22 18:30:00
origin 2048 22 2013-02-23 15:00:00
origin 2048 23 2013-02-24 12:00:00
origin 2048 24 2013-03-11 12:00:00
origin 2048 25 2013-03-12 08:30:00
origin 2048 26 2013-03-13 05:00:00
origin 2048 27 2013-03-14 01:30:00
origin 2048 28 2013-03-14 22:00:00
origin 2048 29 2013-03-15 18:30:00
origin 2048 30 2013-03-16 15:00:00
origin 2048 31 2013-03-17 12:00:00
origin 4194 0 2013-01-07 12:00:00
origin 4194 1 2013-01-08 08:30:00
origin 4194 2 2013-01-09 05:00:00
origin 4194 3 2013-01-10 01:30:00
origin 4194 4 2013-01-10 22:00:00
origin 4194 5 2013-01-11 18:30:00
origin 4194 6 2013-01-12 15:00:00
origin 4194 7 2013-01-13 12:00:00
origin 4194 8 2013-01-28 12:00:00
origin 4194 9 2013-01-29 08:30:00
origin 4194 10 2013-01-30 05:00:00
origin 4194 11 2013-01-31 01:30:00
origin 4194 12 2013-01-31 22:00:00
origin 4194 13 2013-02-01 18:30:00
origin 4194 14 2013-02-02 15:00:00
origin 4194 15 2013-02-03 12:00:00
origin 4194 16 2013-02-18 12:00:00
origin 4194 17 2013-02-19 08:30:00
origin 4194 18 2013-02-20 05:00:00
origin 4194 19 2013-02-21 01:30:00
origin 4194 20 2013-02-21 22:00:00
origin 4194 21 2013-02-22 18:30:00
origin 4194 22 2013-02-23 15:00:00
origin 4194 23 2013-02-24 12:00:00
origin 4194 24 2013-03-11 12:00:00
origin 4194 25 2013-03-12 08:30:00
origin 4194 26 2013-03-13 05:00:00
origin 4194 27 2013-03-14 01:30:00
origin 4194 28 2013-03-14 22:00:00
origin 4194 29 2013-03-15 18:30:00
origin 4194 30 2013-03-16 15:00:00
origin 4194 31 2013-03-17 12:00:00
{
  "completed": true,
  "smoke": false,
  "populations": [
    1024,
    2048,
    4194
  ],
  "origins_per_population": 32,
  "model_setup_seconds": 0.1380056394264102,
  "total_seconds": 61.46843100618571,
  "device": "NVIDIA RTX PRO 4500 Blackwell",
  "vram_bytes": 33685569536,
  "torch": "2.8.0+cu128",
  "cuda": "12.8",
  "precision": "float64",
  "cpu_threads": 4,
  "gpu_peak_bytes": 103518720,
  "host_peak_rss_bytes": 1517363200,
  "source_file_bytes": 303258045,
  "data_access_events": 9699,
  "same_evidence_failures": 0,
  "london_heldout_sealed": true,
  "bdg2_seals_unchanged": true,
  "config_sha256": "8897c168f4da24361e3fd3d5516da53191f7833f6dd05245e803aa13f9b85fee",
  "model_sha256": "d2c15c50bbfa77c7b4c46180c853cf27854a154ac6c97b653fa5f667f448fe0e",
  "timing_caveat": "CUDA event spans include gaps while synchronous provider I/O runs; they are not pure kernel time. Complete update includes reads/transfers/assembly/solve/query conversion; setup is charged separately and added to complete_seconds."
}
