episode b00_regional_1.0 start
episode b00_regional_1.0 seconds 21.48248491436243
episode b00_regional_3.0 start
episode b00_regional_3.0 seconds 21.208921207115054
episode b00_localized_1.0 start
episode b00_localized_1.0 seconds 21.041128186509013
episode b00_localized_3.0 start
episode b00_localized_3.0 seconds 21.076902107335627
episode b00_cancel_exact_1.0 start
episode b00_cancel_exact_1.0 seconds 21.433324594050646
episode b00_cancel_exact_3.0 start
episode b00_cancel_exact_3.0 seconds 21.122983135282993
episode b00_cancel_approx_1.0 start
episode b00_cancel_approx_1.0 seconds 21.259218805469573
episode b00_cancel_approx_3.0 start
episode b00_cancel_approx_3.0 seconds 21.14169737417251
episode b00_delayed_1.0 start
episode b00_delayed_1.0 seconds 21.232548306696117
episode b00_delayed_3.0 start
episode b00_delayed_3.0 seconds 21.05415042769164
episode b00_ramp_1.0 start
episode b00_ramp_1.0 seconds 21.334487509913743
episode b00_ramp_3.0 start
episode b00_ramp_3.0 seconds 21.85378723591566
episode b00_none_0.0 start
episode b00_none_0.0 seconds 21.69881430082023
episode b00_sensor_fault_3.0 start
episode b00_sensor_fault_3.0 seconds 21.84595936257392
episode b01_regional_1.0 start
episode b01_regional_1.0 seconds 22.141133627854288
episode b01_regional_3.0 start
episode b01_regional_3.0 seconds 22.534951109439135
episode b01_localized_1.0 start
episode b01_localized_1.0 seconds 21.538005901500583
episode b01_localized_3.0 start
episode b01_localized_3.0 seconds 22.52695200778544
episode b01_cancel_exact_1.0 start
episode b01_cancel_exact_1.0 seconds 21.498028805479407
episode b01_cancel_exact_3.0 start
episode b01_cancel_exact_3.0 seconds 21.852590639144182
episode b01_cancel_approx_1.0 start
episode b01_cancel_approx_1.0 seconds 21.17919910699129
episode b01_cancel_approx_3.0 start
episode b01_cancel_approx_3.0 seconds 21.752029261551797
episode b01_delayed_1.0 start
episode b01_delayed_1.0 seconds 22.49329909402877
episode b01_delayed_3.0 start
episode b01_delayed_3.0 seconds 22.96048118826002
episode b01_ramp_1.0 start
episode b01_ramp_1.0 seconds 22.319882603362203
episode b01_ramp_3.0 start
episode b01_ramp_3.0 seconds 23.028545177541673
episode b01_none_0.0 start
episode b01_none_0.0 seconds 21.636072313413024
episode b01_sensor_fault_3.0 start
episode b01_sensor_fault_3.0 seconds 22.10137869603932
episode b02_regional_1.0 start
episode b02_regional_1.0 seconds 22.87192293163389
episode b02_regional_3.0 start
episode b02_regional_3.0 seconds 23.24072007648647
episode b02_localized_1.0 start
episode b02_localized_1.0 seconds 22.336071603931487
episode b02_localized_3.0 start
episode b02_localized_3.0 seconds 23.905944117344916
episode b02_cancel_exact_1.0 start
episode b02_cancel_exact_1.0 seconds 22.648470274172723
episode b02_cancel_exact_3.0 start
episode b02_cancel_exact_3.0 seconds 22.91311113536358
episode b02_cancel_approx_1.0 start
episode b02_cancel_approx_1.0 seconds 23.63999720942229
episode b02_cancel_approx_3.0 start
episode b02_cancel_approx_3.0 seconds 23.72896485310048
episode b02_delayed_1.0 start
episode b02_delayed_1.0 seconds 24.123547984287143
episode b02_delayed_3.0 start
episode b02_delayed_3.0 seconds 23.616449112072587
episode b02_ramp_1.0 start
episode b02_ramp_1.0 seconds 23.672454279847443
episode b02_ramp_3.0 start
episode b02_ramp_3.0 seconds 22.919328523799777
episode b02_none_0.0 start
episode b02_none_0.0 seconds 22.972308601252735
episode b02_sensor_fault_3.0 start
episode b02_sensor_fault_3.0 seconds 22.41972426790744
episode b03_regional_1.0 start
episode b03_regional_1.0 seconds 21.347338169813156
episode b03_regional_3.0 start
episode b03_regional_3.0 seconds 21.12049270607531
episode b03_localized_1.0 start
episode b03_localized_1.0 seconds 20.962998639792204
episode b03_localized_3.0 start
episode b03_localized_3.0 seconds 21.311955409124494
episode b03_cancel_exact_1.0 start
episode b03_cancel_exact_1.0 seconds 21.053838002495468
episode b03_cancel_exact_3.0 start
episode b03_cancel_exact_3.0 seconds 20.975101339630783
episode b03_cancel_approx_1.0 start
episode b03_cancel_approx_1.0 seconds 20.93023391161114
episode b03_cancel_approx_3.0 start
episode b03_cancel_approx_3.0 seconds 21.868850318714976
episode b03_delayed_1.0 start
episode b03_delayed_1.0 seconds 22.234062468633056
episode b03_delayed_3.0 start
episode b03_delayed_3.0 seconds 21.735899199731648
episode b03_ramp_1.0 start
episode b03_ramp_1.0 seconds 21.831256120465696
episode b03_ramp_3.0 start
episode b03_ramp_3.0 seconds 22.313586404547095
episode b03_none_0.0 start
episode b03_none_0.0 seconds 21.693726966157556
episode b03_sensor_fault_3.0 start
episode b03_sensor_fault_3.0 seconds 21.237877138890326
episode b04_regional_1.0 start
episode b04_regional_1.0 seconds 21.185432016849518
episode b04_regional_3.0 start
episode b04_regional_3.0 seconds 21.50776195898652
episode b04_localized_1.0 start
episode b04_localized_1.0 seconds 21.26230052858591
episode b04_localized_3.0 start
episode b04_localized_3.0 seconds 21.10365818068385
episode b04_cancel_exact_1.0 start
episode b04_cancel_exact_1.0 seconds 21.069555496796966
episode b04_cancel_exact_3.0 start
episode b04_cancel_exact_3.0 seconds 21.00316747184843
episode b04_cancel_approx_1.0 start
episode b04_cancel_approx_1.0 seconds 21.02886798977852
episode b04_cancel_approx_3.0 start
episode b04_cancel_approx_3.0 seconds 21.149827876128256
episode b04_delayed_1.0 start
episode b04_delayed_1.0 seconds 21.101496124640107
episode b04_delayed_3.0 start
episode b04_delayed_3.0 seconds 21.41047732811421
episode b04_ramp_1.0 start
episode b04_ramp_1.0 seconds 21.07145698275417
episode b04_ramp_3.0 start
episode b04_ramp_3.0 seconds 21.164388928562403
episode b04_none_0.0 start
episode b04_none_0.0 seconds 21.13777881860733
episode b04_sensor_fault_3.0 start
episode b04_sensor_fault_3.0 seconds 21.081897960044444
episode b05_regional_1.0 start
episode b05_regional_1.0 seconds 21.090887000784278
episode b05_regional_3.0 start
episode b05_regional_3.0 seconds 21.289970142766833
episode b05_localized_1.0 start
episode b05_localized_1.0 seconds 20.973142709583044
episode b05_localized_3.0 start
episode b05_localized_3.0 seconds 20.929085390642285
episode b05_cancel_exact_1.0 start
episode b05_cancel_exact_1.0 seconds 21.10522652976215
episode b05_cancel_exact_3.0 start
episode b05_cancel_exact_3.0 seconds 21.009352982975543
episode b05_cancel_approx_1.0 start
episode b05_cancel_approx_1.0 seconds 21.16512660961598
episode b05_cancel_approx_3.0 start
episode b05_cancel_approx_3.0 seconds 20.987171820364892
episode b05_delayed_1.0 start
episode b05_delayed_1.0 seconds 21.008859757333994
episode b05_delayed_3.0 start
episode b05_delayed_3.0 seconds 20.98030398786068
episode b05_ramp_1.0 start
episode b05_ramp_1.0 seconds 20.930898514576256
episode b05_ramp_3.0 start
episode b05_ramp_3.0 seconds 21.024915068410337
episode b05_none_0.0 start
episode b05_none_0.0 seconds 21.03378590196371
episode b05_sensor_fault_3.0 start
episode b05_sensor_fault_3.0 seconds 21.03917223867029
episode b06_regional_1.0 start
episode b06_regional_1.0 seconds 21.35086344461888
episode b06_regional_3.0 start
episode b06_regional_3.0 seconds 20.964855829253793
episode b06_localized_1.0 start
episode b06_localized_1.0 seconds 20.93713583238423
episode b06_localized_3.0 start
episode b06_localized_3.0 seconds 21.03244419489056
episode b06_cancel_exact_1.0 start
episode b06_cancel_exact_1.0 seconds 20.879417899996042
episode b06_cancel_exact_3.0 start
episode b06_cancel_exact_3.0 seconds 20.855719433166087
episode b06_cancel_approx_1.0 start
episode b06_cancel_approx_1.0 seconds 21.28753757569939
episode b06_cancel_approx_3.0 start
episode b06_cancel_approx_3.0 seconds 21.177060063928366
episode b06_delayed_1.0 start
episode b06_delayed_1.0 seconds 20.935673306696117
episode b06_delayed_3.0 start
episode b06_delayed_3.0 seconds 20.91365197300911
episode b06_ramp_1.0 start
episode b06_ramp_1.0 seconds 21.39116986747831
episode b06_ramp_3.0 start
episode b06_ramp_3.0 seconds 21.73943519219756
episode b06_none_0.0 start
episode b06_none_0.0 seconds 21.52455171570182
episode b06_sensor_fault_3.0 start
episode b06_sensor_fault_3.0 seconds 21.640168508514762
episode b07_regional_1.0 start
episode b07_regional_1.0 seconds 21.739283572882414
episode b07_regional_3.0 start
episode b07_regional_3.0 seconds 21.473043171688914
episode b07_localized_1.0 start
episode b07_localized_1.0 seconds 21.857285613194108
episode b07_localized_3.0 start
episode b07_localized_3.0 seconds 21.345730734057724
episode b07_cancel_exact_1.0 start
episode b07_cancel_exact_1.0 seconds 21.724808675237
episode b07_cancel_exact_3.0 start
episode b07_cancel_exact_3.0 seconds 21.94470573309809
episode b07_cancel_approx_1.0 start
episode b07_cancel_approx_1.0 seconds 22.893533930182457
episode b07_cancel_approx_3.0 start
episode b07_cancel_approx_3.0 seconds 21.83309685252607
episode b07_delayed_1.0 start
episode b07_delayed_1.0 seconds 22.605041719041765
episode b07_delayed_3.0 start
episode b07_delayed_3.0 seconds 24.66661653481424
episode b07_ramp_1.0 start
episode b07_ramp_1.0 seconds 22.304328786209226
episode b07_ramp_3.0 start
episode b07_ramp_3.0 seconds 21.943851522170007
episode b07_none_0.0 start
episode b07_none_0.0 seconds 21.164591485634446
episode b07_sensor_fault_3.0 start
episode b07_sensor_fault_3.0 seconds 22.75723494309932
complete run 2457.6175123443827
