{
  "training_start": "2012-01-01 00:00:00",
  "training_end": "2012-12-31 23:30:00",
  "households": 4194,
  "source_households": 5554,
  "valid_training_records": 52109356,
  "available_training_grid": 73680192,
  "missing_fraction": 0.2927630264589973,
  "dimensions": 16,
  "factor_fit": "mean-imputed standardized residual randomized SVD, then observed-only loading refit",
  "transition_radius_before": 0.9942447791526464,
  "transition_radius_after": 0.9942447791526464,
  "dynamics_adjacent_pairs": 11716,
  "typical_halfhour_kwh": 833.7086933868881,
  "peak_threshold_kwh": 1211.0501183277074,
  "provider_households": [
    296,
    250,
    262,
    259,
    263,
    276,
    256,
    290,
    268,
    252,
    265,
    249,
    252,
    262,
    244,
    250
  ],
  "tariff_counts": {
    "Std": 3362,
    "unknown": 0,
    "ToU": 832
  },
  "parse_panel_seconds": 27.959605479001766,
  "total_seconds": 38.18115779800428,
  "peak_rss_bytes": 2972217344,
  "model_sha256": "abb696d052853d9a4cd888a0c8eb361d5861238814c0d1cfd44848055b87293e",
  "data_policy": "2012 only; duplicate keys and both local DST transition days excluded",
  "input": "u_t=0; deterministic weekly seasonality is the observation baseline; no tariff causal effect"
}
