Bear_assembly_Beatrice: common days 0/42 completed
Bear_assembly_Beatrice: common days 21/42 completed
Bear_assembly_Beatrice: common days 38/42 completed
Bobcat_assembly_Adam: common days 0/42 completed
Bobcat_assembly_Adam: common days 21/42 completed
Bobcat_assembly_Adam: common days 38/42 completed
Bull_assembly_Amalia: common days 0/42 completed
Bull_assembly_Amalia: common days 21/42 completed
Bull_assembly_Amalia: common days 38/42 completed
Crow_education_Kate: common days 0/42 completed
Crow_education_Kate: common days 21/42 completed
Crow_education_Kate: common days 38/42 completed
Eagle_assembly_Benny: common days 0/42 completed
Eagle_assembly_Benny: common days 21/42 completed
Eagle_assembly_Benny: common days 38/42 completed
Fox_assembly_Adrianne: common days 0/42 completed
Fox_assembly_Adrianne: common days 21/42 completed
Fox_assembly_Adrianne: common days 38/42 completed
Gator_assembly_Alexa: common days 0/42 completed
Gator_assembly_Alexa: common days 21/42 completed
Gator_assembly_Alexa: common days 38/42 completed
Hog_assembly_Colette: common days 0/42 completed
Hog_assembly_Colette: common days 21/42 completed
Hog_assembly_Colette: common days 38/42 completed
Lamb_assembly_Alden: common days 0/42 completed
Lamb_assembly_Alden: common days 21/42 completed
Lamb_assembly_Alden: common days 38/42 completed
Moose_education_Abbie: common days 0/42 completed
Moose_education_Abbie: common days 21/42 completed
Moose_education_Abbie: common days 38/42 completed
Mouse_health_Buddy: common days 0/42 completed
Mouse_health_Buddy: common days 21/42 completed
Mouse_health_Buddy: common days 38/42 completed
Panther_assembly_Carrol: common days 0/42 completed
Panther_assembly_Carrol: common days 21/42 completed
Panther_assembly_Carrol: common days 38/42 completed
Peacock_assembly_Dena: common days 0/42 completed
Peacock_assembly_Dena: common days 21/42 completed
Peacock_assembly_Dena: common days 38/42 completed
Rat_assembly_Adolfo: common days 0/42 completed
Rat_assembly_Adolfo: common days 21/42 completed
Rat_assembly_Adolfo: common days 38/42 completed
Robin_assembly_Colleen: common days 0/42 completed
Robin_assembly_Colleen: common days 21/42 completed
Robin_assembly_Colleen: common days 38/42 completed
Shrew_office_Doris: common days 0/42 completed
Shrew_office_Doris: common days 21/42 completed
Shrew_office_Doris: common days 38/42 completed
